// Jest Snapshot v1, https://goo.gl/fbAQLP

exports[`renders correctly 1`] = `
<div>
  <div
    className="Content"
  >
    <h1
      className="quiz-title"
    >
      Quiz
    </h1>
    <p
      className="quiz-subheading"
    >
      Discover how in tune you are with your music taste
    </p>
    <div
      className="question-text"
    >
      Who was your top artist in the last 4 weeks?
    </div>
    <ul
      className="Answers"
      disabled={false}
    >
      <li
        className=""
        onClick={[Function]}
      >
        Kanye West
      </li>
      <li
        className=""
        onClick={[Function]}
      >
        Ella Mai
      </li>
      <li
        className=""
        onClick={[Function]}
      >
        Kelhani
      </li>
      <li
        className=""
        onClick={[Function]}
      >
        Beyonce
      </li>
    </ul>
    <div
      className="answer-output"
    />
    <svg
      className="next-question"
      disabled={true}
      fill="currentColor"
      height="1em"
      onClick={[Function]}
      stroke="currentColor"
      strokeWidth="0"
      style={
        Object {
          "color": undefined,
        }
      }
      viewBox="0 0 16 16"
      width="1em"
      xmlns="http://www.w3.org/2000/svg"
    >
      <path
        d="M0 14a2 2 0 0 0 2 2h12a2 2 0 0 0 2-2V2a2 2 0 0 0-2-2H2a2 2 0 0 0-2 2v12zm4.5-6.5h5.793L8.146 5.354a.5.5 0 1 1 .708-.708l3 3a.5.5 0 0 1 0 .708l-3 3a.5.5 0 0 1-.708-.708L10.293 8.5H4.5a.5.5 0 0 1 0-1z"
      />
    </svg>
  </div>
</div>
`;
